// Jest Snapshot v1, https://goo.gl/fbAQLP

exports[`renders correctly 1`] = `
<View
  accessible={true}
  collapsable={false}
  focusable={true}
  onClick={[Function]}
  onResponderGrant={[Function]}
  onResponderMove={[Function]}
  onResponderRelease={[Function]}
  onResponderTerminate={[Function]}
  onResponderTerminationRequest={[Function]}
  onStartShouldSetResponder={[Function]}
  style={
    Object {
      "alignItems": "center",
      "borderColor": "red",
      "borderRadius": 5,
      "borderWidth": 1,
      "flexDirection": "row",
      "marginTop": 10,
      "opacity": 1,
      "padding": 10,
      "paddingTop": 10,
    }
  }
/>
`;
